C:\Users\deadm\Downloads\feedback-system-api-main\src\main\java\br\ifsp\edu\feedback\config\OpenApiConfig.java
C:\Users\deadm\Downloads\feedback-system-api-main\src\main\java\br\ifsp\edu\feedback\config\SecurityConfig.java
C:\Users\deadm\Downloads\feedback-system-api-main\src\main\java\br\ifsp\edu\feedback\controller\AuthenticationController.java
C:\Users\deadm\Downloads\feedback-system-api-main\src\main\java\br\ifsp\edu\feedback\controller\FeedbackController.java
C:\Users\deadm\Downloads\feedback-system-api-main\src\main\java\br\ifsp\edu\feedback\controller\ReportController.java
C:\Users\deadm\Downloads\feedback-system-api-main\src\main\java\br\ifsp\edu\feedback\controller\UserController.java
C:\Users\deadm\Downloads\feedback-system-api-main\src\main\java\br\ifsp\edu\feedback\dto\authentication\AuthenticationDTO.java
C:\Users\deadm\Downloads\feedback-system-api-main\src\main\java\br\ifsp\edu\feedback\dto\authentication\UserRegistrationDTO.java
C:\Users\deadm\Downloads\feedback-system-api-main\src\main\java\br\ifsp\edu\feedback\dto\feedback\DashboardStatsDTO.java
C:\Users\deadm\Downloads\feedback-system-api-main\src\main\java\br\ifsp\edu\feedback\dto\feedback\FeedbackRequestDTO.java
C:\Users\deadm\Downloads\feedback-system-api-main\src\main\java\br\ifsp\edu\feedback\dto\feedback\FeedbackResponseDTO.java
C:\Users\deadm\Downloads\feedback-system-api-main\src\main\java\br\ifsp\edu\feedback\dto\feedback\FeedbackSectorStatsDTO.java
C:\Users\deadm\Downloads\feedback-system-api-main\src\main\java\br\ifsp\edu\feedback\dto\feedback\FeedbackStatsDTO.java
C:\Users\deadm\Downloads\feedback-system-api-main\src\main\java\br\ifsp\edu\feedback\dto\user\UserDTO.java
C:\Users\deadm\Downloads\feedback-system-api-main\src\main\java\br\ifsp\edu\feedback\exception\ErrorResponse.java
C:\Users\deadm\Downloads\feedback-system-api-main\src\main\java\br\ifsp\edu\feedback\exception\GlobalExceptionHandler.java
C:\Users\deadm\Downloads\feedback-system-api-main\src\main\java\br\ifsp\edu\feedback\exception\ResourceNotFoundException.java
C:\Users\deadm\Downloads\feedback-system-api-main\src\main\java\br\ifsp\edu\feedback\exception\UserAlreadyExistsException.java
C:\Users\deadm\Downloads\feedback-system-api-main\src\main\java\br\ifsp\edu\feedback\FeedbackApplication.java
C:\Users\deadm\Downloads\feedback-system-api-main\src\main\java\br\ifsp\edu\feedback\model\enumerations\FeedbackType.java
C:\Users\deadm\Downloads\feedback-system-api-main\src\main\java\br\ifsp\edu\feedback\model\enumerations\Role.java
C:\Users\deadm\Downloads\feedback-system-api-main\src\main\java\br\ifsp\edu\feedback\model\Feedback.java
C:\Users\deadm\Downloads\feedback-system-api-main\src\main\java\br\ifsp\edu\feedback\model\User.java
C:\Users\deadm\Downloads\feedback-system-api-main\src\main\java\br\ifsp\edu\feedback\model\UserAuthenticated.java
C:\Users\deadm\Downloads\feedback-system-api-main\src\main\java\br\ifsp\edu\feedback\repository\FeedbackRepository.java
C:\Users\deadm\Downloads\feedback-system-api-main\src\main\java\br\ifsp\edu\feedback\repository\UserRepository.java
C:\Users\deadm\Downloads\feedback-system-api-main\src\main\java\br\ifsp\edu\feedback\security\CustomJwtAuthenticationConverter.java
C:\Users\deadm\Downloads\feedback-system-api-main\src\main\java\br\ifsp\edu\feedback\service\AuthenticationService.java
C:\Users\deadm\Downloads\feedback-system-api-main\src\main\java\br\ifsp\edu\feedback\service\ExportService.java
C:\Users\deadm\Downloads\feedback-system-api-main\src\main\java\br\ifsp\edu\feedback\service\FeedbackService.java
C:\Users\deadm\Downloads\feedback-system-api-main\src\main\java\br\ifsp\edu\feedback\service\JwtService.java
C:\Users\deadm\Downloads\feedback-system-api-main\src\main\java\br\ifsp\edu\feedback\service\ReportService.java
C:\Users\deadm\Downloads\feedback-system-api-main\src\main\java\br\ifsp\edu\feedback\service\UserDetailService.java
C:\Users\deadm\Downloads\feedback-system-api-main\src\main\java\br\ifsp\edu\feedback\service\UserService.java
